AR trigger_recv_blk behavioral D:/cbradford/SignalProcessing/GEL_CAPTAN/trigger_recv_blk.vhd sub00/vhpl65 1469051360
AR peakfinder behavioral D:/cbradford/SignalProcessing/GEL_CAPTAN/PeakFinder.vhd sub00/vhpl75 1469051370
EN address_container NULL D:/cbradford/SignalProcessing/oei/address_container.vhd sub00/vhpl04 1469051299
AR m2_1_mxilinx_top_level behavioral D:/cbradford/SignalProcessing/GEL_CAPTAN/TOP_LEVEL.vhf sub00/vhpl83 1469051380
EN ethernet_controller NULL D:/cbradford/SignalProcessing/oei/ethernet_controller.vhd sub00/vhpl42 1469051337
AR reset_mgr behavioral D:/cbradford/SignalProcessing/oei/reset_mgr.vhd sub00/vhpl55 1469051350
EN filter_data_out NULL D:/cbradford/SignalProcessing/oei/filter_data_out.vhd sub00/vhpl18 1469051313
PH params_package NULL D:/cbradford/SignalProcessing/oei/params_package.vhd sub00/vhpl02 1469051297
EN ethernet_controller_wrapper NULL D:/cbradford/SignalProcessing/oei/ethernet_controller_wrapper.vhd sub00/vhpl48 1469051343
AR addr_fifo addr_fifo_a D:/cbradford/SignalProcessing/ipcore_dir/ADDR_FIFO.vhd sub00/vhpl33 1469051328
EN reset_mgr NULL D:/cbradford/SignalProcessing/oei/reset_mgr.vhd sub00/vhpl54 1469051349
AR ram_comm_dec arch D:/cbradford/SignalProcessing/oei/ram_comm_dec.vhd sub00/vhpl39 1469051334
AR fifo_sim behavioral D:/cbradford/SignalProcessing/GEL_CAPTAN/FIFO_SIM.vhd sub00/vhpl71 1469051366
EN ip_checksum_calc NULL D:/cbradford/SignalProcessing/oei/ip_checksum_calc.vhd sub00/vhpl10 1469051305
EN fd8re_mxilinx_top_level NULL D:/cbradford/SignalProcessing/GEL_CAPTAN/TOP_LEVEL.vhf sub00/vhpl78 1469051375
EN data_manager NULL D:/cbradford/SignalProcessing/oei/data_manager.vhd sub00/vhpl50 1469051345
EN burst_controller_sm NULL D:/cbradford/SignalProcessing/oei/burst_controller_sm.vhd sub00/vhpl34 1469051329
AR buffer_10bit behavioral D:/cbradford/SignalProcessing/GEL_CAPTAN/buffer_10bit.vhd sub00/vhpl63 1469051358
EN dataout_mux NULL D:/cbradford/SignalProcessing/oei/dataout_mux.vhd sub00/vhpl14 1469051309
AR burst_traffic_controller burst_traffic_controller_arch D:/cbradford/SignalProcessing/oei/burst_traffic_controller.vhd sub00/vhpl53 1469051348
AR version_blk behavioral D:/cbradford/SignalProcessing/GEL_CAPTAN/VERSION_BLK.vhd sub00/vhpl59 1469051354
EN data_fifo_0 NULL D:/cbradford/SignalProcessing/ipcore_dir/DATA_FIFO_0.vhd sub00/vhpl28 1469051323
EN fifo_sim NULL D:/cbradford/SignalProcessing/GEL_CAPTAN/FIFO_SIM.vhd sub00/vhpl70 1469051365
AR udp_data_splicer udp_data_splicer_arch D:/cbradford/SignalProcessing/oei/udp_data_splicer.vhd sub00/vhpl25 1469051320
AR address_container arch D:/cbradford/SignalProcessing/oei/address_container.vhd sub00/vhpl05 1469051300
AR top_level behavioral D:/cbradford/SignalProcessing/GEL_CAPTAN/TOP_LEVEL.vhf sub00/vhpl87 1469051384
AR mux64_8 behavioral D:/cbradford/SignalProcessing/GEL_CAPTAN/MUX64_8.vhd sub00/vhpl61 1469051356
EN or33 NULL D:/cbradford/SignalProcessing/oei/or33.vhd sub00/vhpl08 1469051303
EN d4_16e_mxilinx_top_level NULL D:/cbradford/SignalProcessing/GEL_CAPTAN/TOP_LEVEL.vhf sub00/vhpl84 1469051381
EN adc_fifo NULL D:/cbradford/SignalProcessing/GEL_CAPTAN/ipcore_dir/ADC_FIFO.vhd sub00/vhpl56 1469051351
AR tx_seq_ctl arch D:/cbradford/SignalProcessing/oei/tx_seq_ctl.vhd sub00/vhpl41 1469051336
AR ethernet_fifo ethernet_fifo_a D:/cbradford/SignalProcessing/GEL_CAPTAN/ipcore_dir/ethernet_FIFO.vhd sub00/vhpl73 1469051368
AR icmp_ping_shift_reg arch D:/cbradford/SignalProcessing/oei/icmp_ping_shift_reg.vhd sub00/vhpl23 1469051318
AR fd16re_mxilinx_top_level behavioral D:/cbradford/SignalProcessing/GEL_CAPTAN/TOP_LEVEL.vhf sub00/vhpl81 1469051378
AR decipherer decipherer_arch D:/cbradford/SignalProcessing/oei/decipherer.vhd sub00/vhpl17 1469051312
EN ram_comm_dec NULL D:/cbradford/SignalProcessing/oei/ram_comm_dec.vhd sub00/vhpl38 1469051333
EN tx_seq_ctl NULL D:/cbradford/SignalProcessing/oei/tx_seq_ctl.vhd sub00/vhpl40 1469051335
AR adc_fifo adc_fifo_a D:/cbradford/SignalProcessing/GEL_CAPTAN/ipcore_dir/ADC_FIFO.vhd sub00/vhpl57 1469051352
AR ethernet_controller_wrapper arch D:/cbradford/SignalProcessing/oei/ethernet_controller_wrapper.vhd sub00/vhpl49 1469051344
EN rx_ctl NULL D:/cbradford/SignalProcessing/oei/rx_ctl.vhd sub00/vhpl36 1469051331
AR filter_data_out filter_data_out_arch D:/cbradford/SignalProcessing/oei/filter_data_out.vhd sub00/vhpl19 1469051314
AR psudodata behavioral D:/cbradford/SignalProcessing/GEL_CAPTAN/psudoData.vhd sub00/vhpl01 1469051374
MO crc_gen NULL ../oei/crc_gen.v vlg21/crc__gen.bin 1469051297
EN pulser NULL D:/cbradford/SignalProcessing/GEL_CAPTAN/Pulser.vhd sub00/vhpl68 1469051363
AR info_fifo_0 info_fifo_0_a D:/cbradford/SignalProcessing/ipcore_dir/INFO_FIFO_0.vhd sub00/vhpl31 1469051326
AR pulser behavioral D:/cbradford/SignalProcessing/GEL_CAPTAN/Pulser.vhd sub00/vhpl69 1469051364
EN version_blk NULL D:/cbradford/SignalProcessing/GEL_CAPTAN/VERSION_BLK.vhd sub00/vhpl58 1469051353
AR data_send behavioral D:/cbradford/SignalProcessing/GEL_CAPTAN/data_send.vhd sub00/vhpl77 1469051372
AR rx_ctl arch D:/cbradford/SignalProcessing/oei/rx_ctl.vhd sub00/vhpl37 1469051332
EN peakfinder NULL D:/cbradford/SignalProcessing/GEL_CAPTAN/PeakFinder.vhd sub00/vhpl74 1469051369
AR data_fifo_0 data_fifo_0_a D:/cbradford/SignalProcessing/ipcore_dir/DATA_FIFO_0.vhd sub00/vhpl29 1469051324
AR ip_checksum_calc arch D:/cbradford/SignalProcessing/oei/ip_checksum_calc.vhd sub00/vhpl11 1469051306
EN create_packet NULL D:/cbradford/SignalProcessing/oei/create_packet.vhd sub00/vhpl12 1469051307
AR burst_controller_sm burst_controller_sm_arch D:/cbradford/SignalProcessing/oei/burst_controller_sm.vhd sub00/vhpl35 1469051330
AR crc_splice arch D:/cbradford/SignalProcessing/oei/crc_splice.vhd sub00/vhpl47 1469051342
AR d4_16e_mxilinx_top_level behavioral D:/cbradford/SignalProcessing/GEL_CAPTAN/TOP_LEVEL.vhf sub00/vhpl85 1469051382
AR fd8re_mxilinx_top_level behavioral D:/cbradford/SignalProcessing/GEL_CAPTAN/TOP_LEVEL.vhf sub00/vhpl79 1469051376
EN icmp_ping_shift_reg NULL D:/cbradford/SignalProcessing/oei/icmp_ping_shift_reg.vhd sub00/vhpl22 1469051317
EN ethernet_fifo NULL D:/cbradford/SignalProcessing/GEL_CAPTAN/ipcore_dir/ethernet_FIFO.vhd sub00/vhpl72 1469051367
AR ethernet_controller arch D:/cbradford/SignalProcessing/oei/ethernet_controller.vhd sub00/vhpl43 1469051338
EN data_send NULL D:/cbradford/SignalProcessing/GEL_CAPTAN/data_send.vhd sub00/vhpl76 1469051371
EN icmp_ping_checksum_calc NULL D:/cbradford/SignalProcessing/oei/icmp_ping_checksum_calc.vhd sub00/vhpl20 1469051315
AR icmp_ping_checksum_calc icmp_ping_checksum_calc_arch D:/cbradford/SignalProcessing/oei/icmp_ping_checksum_calc.vhd sub00/vhpl21 1469051316
AR user_addrs_mux user_addrs_mux_arch D:/cbradford/SignalProcessing/oei/user_addrs_mux.vhd sub00/vhpl27 1469051322
EN m2_1_mxilinx_top_level NULL D:/cbradford/SignalProcessing/GEL_CAPTAN/TOP_LEVEL.vhf sub00/vhpl82 1469051379
EN psudodata NULL D:/cbradford/SignalProcessing/GEL_CAPTAN/psudoData.vhd sub00/vhpl00 1469051373
EN buffer_10bit NULL D:/cbradford/SignalProcessing/GEL_CAPTAN/buffer_10bit.vhd sub00/vhpl62 1469051357
AR create_packet create_packet_arch D:/cbradford/SignalProcessing/oei/create_packet.vhd sub00/vhpl13 1469051308
EN burst_traffic_controller NULL D:/cbradford/SignalProcessing/oei/burst_traffic_controller.vhd sub00/vhpl52 1469051347
AR or33 or33_arch D:/cbradford/SignalProcessing/oei/or33.vhd sub00/vhpl09 1469051304
AR arp_reply arp_reply_arch D:/cbradford/SignalProcessing/oei/arp_reply.vhd sub00/vhpl07 1469051302
EN user_addrs_mux NULL D:/cbradford/SignalProcessing/oei/user_addrs_mux.vhd sub00/vhpl26 1469051321
EN trigger_recv_blk NULL D:/cbradford/SignalProcessing/GEL_CAPTAN/trigger_recv_blk.vhd sub00/vhpl64 1469051359
EN mii_100_1000_handler NULL D:/cbradford/SignalProcessing/oei/xmii_handler.vhd sub00/vhpl44 1469051339
EN crc_splice NULL D:/cbradford/SignalProcessing/oei/crc_splice.vhd sub00/vhpl46 1469051341
AR ethernet_interface behavioral D:/cbradford/SignalProcessing/oei/ethernet_interface.vhd sub00/vhpl67 1469051362
EN ethernet_interface NULL D:/cbradford/SignalProcessing/oei/ethernet_interface.vhd sub00/vhpl66 1469051361
EN fd16re_mxilinx_top_level NULL D:/cbradford/SignalProcessing/GEL_CAPTAN/TOP_LEVEL.vhf sub00/vhpl80 1469051377
EN udp_data_splicer NULL D:/cbradford/SignalProcessing/oei/udp_data_splicer.vhd sub00/vhpl24 1469051319
AR dataout_mux dataout_mux_arch D:/cbradford/SignalProcessing/oei/dataout_mux.vhd sub00/vhpl15 1469051310
AR data_manager behavioral D:/cbradford/SignalProcessing/oei/data_manager.vhd sub00/vhpl51 1469051346
EN info_fifo_0 NULL D:/cbradford/SignalProcessing/ipcore_dir/INFO_FIFO_0.vhd sub00/vhpl30 1469051325
EN arp_reply NULL D:/cbradford/SignalProcessing/oei/arp_reply.vhd sub00/vhpl06 1469051301
MO crc_chk NULL ../oei/crc_chk.v vlg49/crc__chk.bin 1469051297
AR mii_100_1000_handler arch D:/cbradford/SignalProcessing/oei/xmii_handler.vhd sub00/vhpl45 1469051340
PB params_package params_package D:/cbradford/SignalProcessing/oei/params_package.vhd sub00/vhpl03 1469051298
EN mux64_8 NULL D:/cbradford/SignalProcessing/GEL_CAPTAN/MUX64_8.vhd sub00/vhpl60 1469051355
EN top_level NULL D:/cbradford/SignalProcessing/GEL_CAPTAN/TOP_LEVEL.vhf sub00/vhpl86 1469051383
EN decipherer NULL D:/cbradford/SignalProcessing/oei/decipherer.vhd sub00/vhpl16 1469051311
EN addr_fifo NULL D:/cbradford/SignalProcessing/ipcore_dir/ADDR_FIFO.vhd sub00/vhpl32 1469051327
