AR trigger_recv_blk behavioral D:/cbradford/SignalProcessing/GEL_CAPTAN/trigger_recv_blk.vhd sub00/vhpl63 1469550418
AR peakfinder behavioral D:/cbradford/SignalProcessing/GEL_CAPTAN/PeakFinder.vhd sub00/vhpl71 1469550426
EN address_container NULL D:/cbradford/SignalProcessing/oei/address_container.vhd sub00/vhpl02 1469550357
AR m2_1_mxilinx_top_level behavioral D:/cbradford/SignalProcessing/GEL_CAPTAN/TOP_LEVEL.vhf sub00/vhpl83 1469550438
EN ethernet_controller NULL D:/cbradford/SignalProcessing/oei/ethernet_controller.vhd sub00/vhpl40 1469550395
AR reset_mgr behavioral D:/cbradford/SignalProcessing/oei/reset_mgr.vhd sub00/vhpl53 1469550408
EN filter_data_out NULL D:/cbradford/SignalProcessing/oei/filter_data_out.vhd sub00/vhpl16 1469550371
PH params_package NULL D:/cbradford/SignalProcessing/oei/params_package.vhd sub00/vhpl00 1469550355
EN ethernet_controller_wrapper NULL D:/cbradford/SignalProcessing/oei/ethernet_controller_wrapper.vhd sub00/vhpl46 1469550401
AR addr_fifo addr_fifo_a D:/cbradford/SignalProcessing/ipcore_dir/ADDR_FIFO.vhd sub00/vhpl31 1469550386
EN reset_mgr NULL D:/cbradford/SignalProcessing/oei/reset_mgr.vhd sub00/vhpl52 1469550407
AR ram_comm_dec arch D:/cbradford/SignalProcessing/oei/ram_comm_dec.vhd sub00/vhpl37 1469550392
EN ip_checksum_calc NULL D:/cbradford/SignalProcessing/oei/ip_checksum_calc.vhd sub00/vhpl08 1469550363
EN fd8re_mxilinx_top_level NULL D:/cbradford/SignalProcessing/GEL_CAPTAN/TOP_LEVEL.vhf sub00/vhpl80 1469550435
EN data_manager NULL D:/cbradford/SignalProcessing/oei/data_manager.vhd sub00/vhpl48 1469550403
EN burst_controller_sm NULL D:/cbradford/SignalProcessing/oei/burst_controller_sm.vhd sub00/vhpl32 1469550387
AR buffer_10bit behavioral D:/cbradford/SignalProcessing/GEL_CAPTAN/buffer_10bit.vhd sub00/vhpl61 1469550416
EN dataout_mux NULL D:/cbradford/SignalProcessing/oei/dataout_mux.vhd sub00/vhpl12 1469550367
AR burst_traffic_controller burst_traffic_controller_arch D:/cbradford/SignalProcessing/oei/burst_traffic_controller.vhd sub00/vhpl51 1469550406
AR version_blk behavioral D:/cbradford/SignalProcessing/GEL_CAPTAN/VERSION_BLK.vhd sub00/vhpl57 1469550412
EN data_fifo_0 NULL D:/cbradford/SignalProcessing/ipcore_dir/DATA_FIFO_0.vhd sub00/vhpl26 1469550381
AR udp_data_splicer udp_data_splicer_arch D:/cbradford/SignalProcessing/oei/udp_data_splicer.vhd sub00/vhpl23 1469550378
AR address_container arch D:/cbradford/SignalProcessing/oei/address_container.vhd sub00/vhpl03 1469550358
AR top_level behavioral D:/cbradford/SignalProcessing/GEL_CAPTAN/TOP_LEVEL.vhf sub00/vhpl87 1469550442
AR mux64_8 behavioral D:/cbradford/SignalProcessing/GEL_CAPTAN/MUX64_8.vhd sub00/vhpl59 1469550414
EN or33 NULL D:/cbradford/SignalProcessing/oei/or33.vhd sub00/vhpl06 1469550361
EN d4_16e_mxilinx_top_level NULL D:/cbradford/SignalProcessing/GEL_CAPTAN/TOP_LEVEL.vhf sub00/vhpl84 1469550439
EN adc_fifo NULL D:/cbradford/SignalProcessing/GEL_CAPTAN/ipcore_dir/ADC_FIFO.vhd sub00/vhpl54 1469550409
AR tx_seq_ctl arch D:/cbradford/SignalProcessing/oei/tx_seq_ctl.vhd sub00/vhpl39 1469550394
AR ethernet_fifo ethernet_fifo_a D:/cbradford/SignalProcessing/GEL_CAPTAN/ipcore_dir/ethernet_FIFO.vhd sub00/vhpl69 1469550424
AR icmp_ping_shift_reg arch D:/cbradford/SignalProcessing/oei/icmp_ping_shift_reg.vhd sub00/vhpl21 1469550376
AR fd16re_mxilinx_top_level behavioral D:/cbradford/SignalProcessing/GEL_CAPTAN/TOP_LEVEL.vhf sub00/vhpl79 1469550434
AR decipherer decipherer_arch D:/cbradford/SignalProcessing/oei/decipherer.vhd sub00/vhpl15 1469550370
EN ram_comm_dec NULL D:/cbradford/SignalProcessing/oei/ram_comm_dec.vhd sub00/vhpl36 1469550391
EN tx_seq_ctl NULL D:/cbradford/SignalProcessing/oei/tx_seq_ctl.vhd sub00/vhpl38 1469550393
AR adc_fifo adc_fifo_a D:/cbradford/SignalProcessing/GEL_CAPTAN/ipcore_dir/ADC_FIFO.vhd sub00/vhpl55 1469550410
AR ethernet_controller_wrapper arch D:/cbradford/SignalProcessing/oei/ethernet_controller_wrapper.vhd sub00/vhpl47 1469550402
EN rx_ctl NULL D:/cbradford/SignalProcessing/oei/rx_ctl.vhd sub00/vhpl34 1469550389
AR filter_data_out filter_data_out_arch D:/cbradford/SignalProcessing/oei/filter_data_out.vhd sub00/vhpl17 1469550372
AR psudodata behavioral D:/cbradford/SignalProcessing/GEL_CAPTAN/psudoData.vhd sub00/vhpl75 1469550430
MO crc_gen NULL ../oei/crc_gen.v vlg21/crc__gen.bin 1469550356
EN pulser NULL D:/cbradford/SignalProcessing/GEL_CAPTAN/Pulser.vhd sub00/vhpl66 1469550421
AR info_fifo_0 info_fifo_0_a D:/cbradford/SignalProcessing/ipcore_dir/INFO_FIFO_0.vhd sub00/vhpl29 1469550384
AR pulser behavioral D:/cbradford/SignalProcessing/GEL_CAPTAN/Pulser.vhd sub00/vhpl67 1469550422
AR psudo_data_allone behavioral D:/cbradford/SignalProcessing/GEL_CAPTAN/psudo_data_allOne.vhd sub00/vhpl77 1469550432
EN version_blk NULL D:/cbradford/SignalProcessing/GEL_CAPTAN/VERSION_BLK.vhd sub00/vhpl56 1469550411
AR data_send behavioral D:/cbradford/SignalProcessing/GEL_CAPTAN/data_send.vhd sub00/vhpl73 1469550428
AR rx_ctl arch D:/cbradford/SignalProcessing/oei/rx_ctl.vhd sub00/vhpl35 1469550390
EN peakfinder NULL D:/cbradford/SignalProcessing/GEL_CAPTAN/PeakFinder.vhd sub00/vhpl70 1469550425
AR data_fifo_0 data_fifo_0_a D:/cbradford/SignalProcessing/ipcore_dir/DATA_FIFO_0.vhd sub00/vhpl27 1469550382
AR ip_checksum_calc arch D:/cbradford/SignalProcessing/oei/ip_checksum_calc.vhd sub00/vhpl09 1469550364
EN create_packet NULL D:/cbradford/SignalProcessing/oei/create_packet.vhd sub00/vhpl10 1469550365
AR burst_controller_sm burst_controller_sm_arch D:/cbradford/SignalProcessing/oei/burst_controller_sm.vhd sub00/vhpl33 1469550388
AR crc_splice arch D:/cbradford/SignalProcessing/oei/crc_splice.vhd sub00/vhpl45 1469550400
AR d4_16e_mxilinx_top_level behavioral D:/cbradford/SignalProcessing/GEL_CAPTAN/TOP_LEVEL.vhf sub00/vhpl85 1469550440
AR fd8re_mxilinx_top_level behavioral D:/cbradford/SignalProcessing/GEL_CAPTAN/TOP_LEVEL.vhf sub00/vhpl81 1469550436
EN icmp_ping_shift_reg NULL D:/cbradford/SignalProcessing/oei/icmp_ping_shift_reg.vhd sub00/vhpl20 1469550375
EN ethernet_fifo NULL D:/cbradford/SignalProcessing/GEL_CAPTAN/ipcore_dir/ethernet_FIFO.vhd sub00/vhpl68 1469550423
AR ethernet_controller arch D:/cbradford/SignalProcessing/oei/ethernet_controller.vhd sub00/vhpl41 1469550396
EN data_send NULL D:/cbradford/SignalProcessing/GEL_CAPTAN/data_send.vhd sub00/vhpl72 1469550427
EN psudo_data_allone NULL D:/cbradford/SignalProcessing/GEL_CAPTAN/psudo_data_allOne.vhd sub00/vhpl76 1469550431
EN icmp_ping_checksum_calc NULL D:/cbradford/SignalProcessing/oei/icmp_ping_checksum_calc.vhd sub00/vhpl18 1469550373
AR icmp_ping_checksum_calc icmp_ping_checksum_calc_arch D:/cbradford/SignalProcessing/oei/icmp_ping_checksum_calc.vhd sub00/vhpl19 1469550374
AR user_addrs_mux user_addrs_mux_arch D:/cbradford/SignalProcessing/oei/user_addrs_mux.vhd sub00/vhpl25 1469550380
EN m2_1_mxilinx_top_level NULL D:/cbradford/SignalProcessing/GEL_CAPTAN/TOP_LEVEL.vhf sub00/vhpl82 1469550437
EN psudodata NULL D:/cbradford/SignalProcessing/GEL_CAPTAN/psudoData.vhd sub00/vhpl74 1469550429
EN buffer_10bit NULL D:/cbradford/SignalProcessing/GEL_CAPTAN/buffer_10bit.vhd sub00/vhpl60 1469550415
AR create_packet create_packet_arch D:/cbradford/SignalProcessing/oei/create_packet.vhd sub00/vhpl11 1469550366
EN burst_traffic_controller NULL D:/cbradford/SignalProcessing/oei/burst_traffic_controller.vhd sub00/vhpl50 1469550405
AR or33 or33_arch D:/cbradford/SignalProcessing/oei/or33.vhd sub00/vhpl07 1469550362
AR arp_reply arp_reply_arch D:/cbradford/SignalProcessing/oei/arp_reply.vhd sub00/vhpl05 1469550360
EN user_addrs_mux NULL D:/cbradford/SignalProcessing/oei/user_addrs_mux.vhd sub00/vhpl24 1469550379
EN trigger_recv_blk NULL D:/cbradford/SignalProcessing/GEL_CAPTAN/trigger_recv_blk.vhd sub00/vhpl62 1469550417
EN mii_100_1000_handler NULL D:/cbradford/SignalProcessing/oei/xmii_handler.vhd sub00/vhpl42 1469550397
EN crc_splice NULL D:/cbradford/SignalProcessing/oei/crc_splice.vhd sub00/vhpl44 1469550399
AR ethernet_interface behavioral D:/cbradford/SignalProcessing/oei/ethernet_interface.vhd sub00/vhpl65 1469550420
EN ethernet_interface NULL D:/cbradford/SignalProcessing/oei/ethernet_interface.vhd sub00/vhpl64 1469550419
EN fd16re_mxilinx_top_level NULL D:/cbradford/SignalProcessing/GEL_CAPTAN/TOP_LEVEL.vhf sub00/vhpl78 1469550433
EN udp_data_splicer NULL D:/cbradford/SignalProcessing/oei/udp_data_splicer.vhd sub00/vhpl22 1469550377
AR dataout_mux dataout_mux_arch D:/cbradford/SignalProcessing/oei/dataout_mux.vhd sub00/vhpl13 1469550368
AR data_manager behavioral D:/cbradford/SignalProcessing/oei/data_manager.vhd sub00/vhpl49 1469550404
EN info_fifo_0 NULL D:/cbradford/SignalProcessing/ipcore_dir/INFO_FIFO_0.vhd sub00/vhpl28 1469550383
EN arp_reply NULL D:/cbradford/SignalProcessing/oei/arp_reply.vhd sub00/vhpl04 1469550359
MO crc_chk NULL ../oei/crc_chk.v vlg49/crc__chk.bin 1469550356
AR mii_100_1000_handler arch D:/cbradford/SignalProcessing/oei/xmii_handler.vhd sub00/vhpl43 1469550398
PB params_package params_package D:/cbradford/SignalProcessing/oei/params_package.vhd sub00/vhpl01 1469550356
EN mux64_8 NULL D:/cbradford/SignalProcessing/GEL_CAPTAN/MUX64_8.vhd sub00/vhpl58 1469550413
EN top_level NULL D:/cbradford/SignalProcessing/GEL_CAPTAN/TOP_LEVEL.vhf sub00/vhpl86 1469550441
EN decipherer NULL D:/cbradford/SignalProcessing/oei/decipherer.vhd sub00/vhpl14 1469550369
EN addr_fifo NULL D:/cbradford/SignalProcessing/ipcore_dir/ADDR_FIFO.vhd sub00/vhpl30 1469550385
